====================================
  CMPU-365, Spring 2023
  Asmt. Extended IDS
  2023 Asmt. 2
  Eric Wnorowski
====================================

==========
 RESULTS
==========
Generated 349403 nodes, explored 0 nodes, in 1 seconds
Found a goal!

1 6 4   1 6 4   1 6 4   1 6 4   1 6 4   1 6 4   1 6 _   1 _ 6   1 3 6   1 3 6   
3 _ 5   _ 3 5   7 3 5   7 3 5   7 3 5   7 3 _   7 3 4   7 3 4   7 _ 4   7 8 4   
7 2 8   7 2 8   _ 2 8   2 _ 8   2 8 _   2 8 5   2 8 5   2 8 5   2 8 5   2 _ 5   

1 3 6   1 3 6   1 3 6   1 3 6   1 3 6   1 3 6   1 3 _   1 _ 3   1 2 3   1 2 3   
7 8 4   _ 8 4   8 _ 4   8 2 4   8 2 4   8 2 _   8 2 6   8 2 6   8 _ 6   8 6 _   
_ 2 5   7 2 5   7 2 5   7 _ 5   7 5 _   7 5 4   7 5 4   7 5 4   7 5 4   7 5 4   

1 2 3   1 2 3   1 2 3   
8 6 4   8 6 4   8 _ 4   
7 5 _   7 _ 5   7 6 5   


==========
 RESULTS
==========
Generated 20 nodes, explored 0 nodes, in 0 seconds
Found a goal!

==========
 RESULTS
==========
Generated 3767 nodes, explored 0 nodes, in 0 seconds
Found a goal!

1 2 7 3   1 2 7 3   1 2 7 3   1 2 7 3   1 2 7 3   1 2 7 3   1 2 7 3   1 2 7 3   1 2 7 3   1 2 7 3   
5 6 11 10   5 6 11 10   5 6 11 10   5 6 11 10   5 6 11 10   5 6 11 10   5 _ 11 10   5 11 _ 10   5 11 10 _   5 11 10 4   
13 9 _ 4   13 9 8 4   13 9 8 4   13 9 8 4   _ 9 8 4   9 _ 8 4   9 6 8 4   9 6 8 4   9 6 8 4   9 6 8 _   
14 15 8 12   14 15 _ 12   14 _ 15 12   _ 14 15 12   13 14 15 12   13 14 15 12   13 14 15 12   13 14 15 12   13 14 15 12   13 14 15 12   

1 2 7 3   1 2 7 3   1 2 7 3   1 2 7 3   1 2 7 3   1 2 7 3   1 2 _ 3   1 2 3 _   1 2 3 4   1 2 3 4   
5 11 10 4   5 11 _ 4   5 _ 11 4   5 6 11 4   5 6 11 4   5 6 _ 4   5 6 7 4   5 6 7 4   5 6 7 _   5 6 7 8   
9 6 _ 8   9 6 10 8   9 6 10 8   9 _ 10 8   9 10 _ 8   9 10 11 8   9 10 11 8   9 10 11 8   9 10 11 8   9 10 11 _   
13 14 15 12   13 14 15 12   13 14 15 12   13 14 15 12   13 14 15 12   13 14 15 12   13 14 15 12   13 14 15 12   13 14 15 12   13 14 15 12   

1 2 3 4   
5 6 7 8   
9 10 11 12   
13 14 15 _   

T
CL-USER(3): 
